// Jest Snapshot v1, https://goo.gl/fbAQLP

exports[`matches snapshot 1`] = `
<div>
  <div
    class="Carousel"
  >
    <h1>
      test title
    </h1>
    <div
      class="Carousel-main"
    >
      <i
        class="bi bi-arrow-left-circle"
      />
      <div
        class="Card"
      >
        <h4
          class="Card-title"
        >
          testing image 1
        </h4>
        <img
          alt="testing image 1"
          class="Card-image"
          src="test1.com"
        />
        <small
          class="Card-small"
        >
          Image 
          1
           of 
          3
          .
        </small>
      </div>
      <i
        class="bi bi-arrow-right-circle"
      />
    </div>
  </div>
</div>
`;
